Copyright 1986-2022 Xilinx, Inc. All Rights Reserved. Copyright 2022-2023 Advanced Micro Devices, Inc. All Rights Reserved.
---------------------------------------------------------------------------------------------------------------------------------------------
| Tool Version : Vivado v.2023.2 (lin64) Build 4029153 Fri Oct 13 20:13:54 MDT 2023
| Date         : Fri May  1 13:50:59 2026
| Host         : kador running 64-bit Ubuntu 22.04.4 LTS
| Command      : report_clock_interaction -file reports_cva6_fpga_synth/cva6_fpga.clock_interaction.rpt
| Design       : cva6_zybo_z7_20
| Device       : 7z020-clg400
| Speed File   : -1  PRODUCTION 1.12 2019-11-22
| Design State : Synthesized
---------------------------------------------------------------------------------------------------------------------------------------------

Clock Interaction Report

Clock Interaction Table
-----------------------

                                              WNS                            TNS Failing  TNS Total    WNS Path         Clock-Pair           Inter-Clock          
From Clock             To Clock               Clock Edges  WNS(ns)  TNS(ns)    Endpoints    Endpoints  Requirement(ns)  Classification       Constraints          
---------------------  ---------------------  -----------  -------  -------  -----------  -----------  ---------------  -------------------  -------------------  
clk_out1_xlnx_clk_gen  clk_out1_xlnx_clk_gen  rise - rise    -6.93  -351.28           84        47456            25.00  Clean                Partial False Path   
clk_out1_xlnx_clk_gen  tck                                                             0           36                   Ignored              Asynchronous Groups  
tck                    clk_out1_xlnx_clk_gen                                           0           43                   Ignored              Asynchronous Groups  
tck                    tck                    fall - rise     5.76     0.00            0          453            20.00  Clean                Timed                


