Copyright 1986-2022 Xilinx, Inc. All Rights Reserved. Copyright 2022-2023 Advanced Micro Devices, Inc. All Rights Reserved.
---------------------------------------------------------------------------------------------------------------------------------------------
| Tool Version : Vivado v.2023.2 (lin64) Build 4029153 Fri Oct 13 20:13:54 MDT 2023
| Date         : Fri May  1 14:00:22 2026
| Host         : kador running 64-bit Ubuntu 22.04.4 LTS
| Command      : report_timing -nworst 1 -delay_type max -sort_by group -file reports_cva6_fpga_impl/cva6_fpga.timing.rpt
| Design       : cva6_zybo_z7_20
| Device       : 7z020-clg400
| Speed File   : -1  PRODUCTION 1.12 2019-11-22
| Design State : Routed
---------------------------------------------------------------------------------------------------------------------------------------------

Timing Report

Slack (VIOLATED) :        -3.489ns  (required time - arrival time)
  Source:                 i_ariane/i_cva6/issue_stage_i/i_issue_read_operands/branch_valid_q_reg[0]/C
                            (rising edge-triggered cell FDCE clocked by clk_out1_xlnx_clk_gen  {rise@0.000ns fall@12.500ns period=25.000ns})
  Destination:            i_ariane/gen_example_coprocessor.i_cvxif_coprocessor/i_copro_alu/result_q_reg[13]/D
                            (rising edge-triggered cell FDCE clocked by clk_out1_xlnx_clk_gen  {rise@0.000ns fall@12.500ns period=25.000ns})
  Path Group:             clk_out1_xlnx_clk_gen
  Path Type:              Setup (Max at Slow Process Corner)
  Requirement:            25.000ns  (clk_out1_xlnx_clk_gen rise@25.000ns - clk_out1_xlnx_clk_gen rise@0.000ns)
  Data Path Delay:        28.474ns  (logic 13.302ns (46.716%)  route 15.172ns (53.284%))
  Logic Levels:           34  (CARRY4=13 DSP48E1=2 LUT2=1 LUT3=2 LUT4=1 LUT5=4 LUT6=10 MUXF7=1)
  Clock Path Skew:        -0.013ns (DCD - SCD + CPR)
    Destination Clock Delay (DCD):    -1.630ns = ( 23.370 - 25.000 ) 
    Source Clock Delay      (SCD):    -1.050ns
    Clock Pessimism Removal (CPR):    0.567ns
  Clock Uncertainty:      0.082ns  ((TSJ^2 + DJ^2)^1/2) / 2 + PE
    Total System Jitter     (TSJ):    0.071ns
    Discrete Jitter          (DJ):    0.149ns
    Phase Error              (PE):    0.000ns

    Location             Delay type                Incr(ns)  Path(ns)    Netlist Resource(s)
  -------------------------------------------------------------------    -------------------
                         (clock clk_out1_xlnx_clk_gen rise edge)
                                                      0.000     0.000 r  
    K17                                               0.000     0.000 r  clk_sys (IN)
                         net (fo=0)                   0.000     0.000    i_xlnx_clk_gen/inst/clk_in1
    K17                  IBUF (Prop_ibuf_I_O)         1.475     1.475 r  i_xlnx_clk_gen/inst/clkin1_ibufg/O
                         net (fo=1, routed)           1.285     2.760    i_xlnx_clk_gen/inst/clk_in1_xlnx_clk_gen
    MMCME2_ADV_X1Y2      MMCME2_ADV (Prop_mmcme2_adv_CLKIN1_CLKOUT0)
                                                     -7.759    -4.999 r  i_xlnx_clk_gen/inst/mmcm_adv_inst/CLKOUT0
                         net (fo=1, routed)           2.206    -2.793    i_xlnx_clk_gen/inst/clk_out1_xlnx_clk_gen
    BUFGCTRL_X0Y16       BUFG (Prop_bufg_I_O)         0.101    -2.692 r  i_xlnx_clk_gen/inst/clkout1_buf/O
                         net (fo=15067, routed)       1.642    -1.050    i_ariane/i_cva6/issue_stage_i/i_issue_read_operands/clk_out1
    SLICE_X40Y82         FDCE                                         r  i_ariane/i_cva6/issue_stage_i/i_issue_read_operands/branch_valid_q_reg[0]/C
  -------------------------------------------------------------------    -------------------
    SLICE_X40Y82         FDCE (Prop_fdce_C_Q)         0.456    -0.594 r  i_ariane/i_cva6/issue_stage_i/i_issue_read_operands/branch_valid_q_reg[0]/Q
                         net (fo=120, routed)         0.780     0.186    i_ariane/i_cva6/ex_stage_i/branch_valid_id_ex
    SLICE_X36Y80         LUT3 (Prop_lut3_I1_O)        0.124     0.310 r  i_ariane/i_cva6/ex_stage_i/i___34_i_2/O
                         net (fo=173, routed)         0.626     0.936    i_ariane/i_cva6/issue_stage_i/i_issue_read_operands/p_0_in
    SLICE_X37Y80         LUT5 (Prop_lut5_I4_O)        0.150     1.086 r  i_ariane/i_cva6/issue_stage_i/i_issue_read_operands/mem_q[1][sbe][result][0]_i_17/O
                         net (fo=2, routed)           0.668     1.753    i_ariane/i_cva6/issue_stage_i/i_issue_read_operands/mem_q[1][sbe][result][0]_i_17_n_0
    SLICE_X37Y80         LUT6 (Prop_lut6_I5_O)        0.326     2.079 r  i_ariane/i_cva6/issue_stage_i/i_issue_read_operands/mem_q[1][sbe][result][0]_i_9_replica/O
                         net (fo=33, routed)          0.792     2.872    i_ariane/i_cva6/ex_stage_i/csr_valid_q_reg[0]_3_repN_alias
    SLICE_X37Y77         LUT6 (Prop_lut6_I5_O)        0.124     2.996 r  i_ariane/i_cva6/ex_stage_i/mem_q[1][sbe][result][0]_i_15/O
                         net (fo=1, routed)           0.423     3.418    i_ariane/i_cva6/ex_stage_i/mem_q[1][sbe][result][0]_i_15_n_0
    SLICE_X38Y76         CARRY4 (Prop_carry4_S[0]_CO[3])
                                                      0.637     4.055 r  i_ariane/i_cva6/ex_stage_i/mem_q_reg[1][sbe][result][0]_i_7/CO[3]
                         net (fo=1, routed)           0.000     4.055    i_ariane/i_cva6/ex_stage_i/mem_q_reg[1][sbe][result][0]_i_7_n_0
    SLICE_X38Y77         CARRY4 (Prop_carry4_CI_O[1])
                                                      0.323     4.378 f  i_ariane/i_cva6/ex_stage_i/mem_q_reg[1][sbe][result][7]_i_10/O[1]
                         net (fo=2, routed)           0.683     5.062    i_ariane/i_cva6/ex_stage_i/adder_result[5]
    SLICE_X42Y77         LUT4 (Prop_lut4_I0_O)        0.306     5.368 f  i_ariane/i_cva6/ex_stage_i/i___2_i_26/O
                         net (fo=1, routed)           0.437     5.805    i_ariane/i_cva6/ex_stage_i/i___2_i_26_n_0
    SLICE_X47Y78         LUT5 (Prop_lut5_I4_O)        0.124     5.929 f  i_ariane/i_cva6/ex_stage_i/i___2_i_21/O
                         net (fo=1, routed)           1.004     6.932    i_ariane/i_cva6/ex_stage_i/i___2_i_21_n_0
    SLICE_X47Y81         LUT6 (Prop_lut6_I3_O)        0.124     7.056 r  i_ariane/i_cva6/ex_stage_i/i___2_i_19_comp_1/O
                         net (fo=1, routed)           0.308     7.364    i_ariane/i_cva6/issue_stage_i/i_issue_read_operands/data0
    SLICE_X48Y81         LUT6 (Prop_lut6_I2_O)        0.124     7.488 r  i_ariane/i_cva6/issue_stage_i/i_issue_read_operands/i___2_i_18/O
                         net (fo=1, routed)           0.000     7.488    i_ariane/i_cva6/issue_stage_i/i_issue_read_operands/i___2_i_18_n_0
    SLICE_X48Y81         MUXF7 (Prop_muxf7_I1_O)      0.217     7.705 r  i_ariane/i_cva6/issue_stage_i/i_issue_read_operands/i___2_i_6/O
                         net (fo=3, routed)           0.335     8.040    i_ariane/i_cva6/issue_stage_i/i_issue_read_operands/i___2_i_6_n_0
    SLICE_X48Y80         LUT5 (Prop_lut5_I4_O)        0.299     8.339 r  i_ariane/i_cva6/issue_stage_i/i_issue_read_operands/i___2_i_2/O
                         net (fo=45, routed)          0.683     9.022    i_ariane/i_cva6/issue_stage_i/i_issue_read_operands/fu_data_q_reg[0][operation][5]_0
    SLICE_X47Y80         LUT6 (Prop_lut6_I0_O)        0.124     9.146 f  i_ariane/i_cva6/issue_stage_i/i_issue_read_operands/i___33__0_i_1_replica_1/O
                         net (fo=1, routed)           0.996    10.142    i_ariane/i_cva6/id_stage_i/branch_predict_o_reg[cf][2]_0_repN_9_alias
    SLICE_X32Y84         LUT6 (Prop_lut6_I4_O)        0.124    10.266 r  i_ariane/i_cva6/id_stage_i/i__i_12_comp_2/O
                         net (fo=5, routed)           0.844    11.110    i_ariane/i_cva6/id_stage_i/i__i_12_n_0
    SLICE_X34Y85         LUT6 (Prop_lut6_I5_O)        0.124    11.234 f  i_ariane/i_cva6/id_stage_i/i___104_i_3/O
                         net (fo=100, routed)         0.918    12.152    i_ariane/i_cva6/issue_stage_i/i_scoreboard/fu_data_q_reg[0][operand_b][0]
    SLICE_X37Y86         LUT5 (Prop_lut5_I0_O)        0.124    12.276 r  i_ariane/i_cva6/issue_stage_i/i_scoreboard/i__i_7_comp/O
                         net (fo=37, routed)          0.688    12.964    i_ariane/i_cva6/id_stage_i/fu_data_q_reg[0][operand_b][0]_0
    SLICE_X37Y85         LUT6 (Prop_lut6_I3_O)        0.124    13.088 r  i_ariane/i_cva6/id_stage_i/i___176_i_2/O
                         net (fo=7, routed)           0.641    13.729    i_ariane/i_cva6/id_stage_i/issue_q_reg[0][sbe][result][31]_0[27]
    SLICE_X36Y85         LUT2 (Prop_lut2_I0_O)        0.124    13.853 r  i_ariane/i_cva6/id_stage_i/result_n3__0_i_20/O
                         net (fo=4, routed)           0.582    14.435    i_ariane/gen_example_coprocessor.i_cvxif_coprocessor/i_copro_alu/result_n4__1_0[12]
    DSP48_X2Y33          DSP48E1 (Prop_dsp48e1_A[12]_P[0])
                                                      3.841    18.276 r  i_ariane/gen_example_coprocessor.i_cvxif_coprocessor/i_copro_alu/result_n4__0/P[0]
                         net (fo=1, routed)           0.895    19.171    i_ariane_n_7
    SLICE_X35Y75         CARRY4 (Prop_carry4_S[0]_CO[3])
                                                      0.656    19.827 r  i_copro_alu/result_n2_i_5/CO[3]
                         net (fo=1, routed)           0.000    19.827    i_copro_alu/result_n2_i_5_n_0
    SLICE_X35Y76         CARRY4 (Prop_carry4_CI_CO[3])
                                                      0.114    19.941 r  i_copro_alu/result_n2_i_4/CO[3]
                         net (fo=1, routed)           0.000    19.941    i_copro_alu/result_n2_i_4_n_0
    SLICE_X35Y77         CARRY4 (Prop_carry4_CI_CO[3])
                                                      0.114    20.055 r  i_copro_alu/result_n2_i_3/CO[3]
                         net (fo=1, routed)           0.000    20.055    i_copro_alu/result_n2_i_3_n_0
    SLICE_X35Y78         CARRY4 (Prop_carry4_CI_CO[3])
                                                      0.114    20.169 r  i_copro_alu/result_n2_i_2/CO[3]
                         net (fo=1, routed)           0.000    20.169    i_copro_alu/result_n2_i_2_n_0
    SLICE_X35Y79         CARRY4 (Prop_carry4_CI_CO[3])
                                                      0.114    20.283 r  i_copro_alu/result_n2_i_1/CO[3]
                         net (fo=1, routed)           0.000    20.283    i_copro_alu/result_n2_i_1_n_0
    SLICE_X35Y80         CARRY4 (Prop_carry4_CI_CO[3])
                                                      0.114    20.397 r  i_copro_alu/result_n2_i_8/CO[3]
                         net (fo=1, routed)           0.000    20.397    i_copro_alu/result_n2_i_8_n_0
    SLICE_X35Y81         CARRY4 (Prop_carry4_CI_CO[3])
                                                      0.114    20.511 r  i_copro_alu/result_n2_i_7/CO[3]
                         net (fo=1, routed)           0.000    20.511    i_ariane/gen_example_coprocessor.i_cvxif_coprocessor/i_copro_alu/result_n2__0_2[0]
    SLICE_X35Y82         CARRY4 (Prop_carry4_CI_O[2])
                                                      0.239    20.750 r  i_ariane/gen_example_coprocessor.i_cvxif_coprocessor/i_copro_alu/result_n2_i_6/O[2]
                         net (fo=18, routed)          0.879    21.629    i_ariane/gen_example_coprocessor.i_cvxif_coprocessor/i_copro_alu/result_n3__2[30]
    DSP48_X2Y31          DSP48E1 (Prop_dsp48e1_A[29]_P[20])
                                                      2.255    23.884 r  i_ariane/gen_example_coprocessor.i_cvxif_coprocessor/i_copro_alu/result_n2__0/P[20]
                         net (fo=2, routed)           0.994    24.879    i_ariane/gen_example_coprocessor.i_cvxif_coprocessor/p_0_in[5]
    SLICE_X33Y80         LUT3 (Prop_lut3_I2_O)        0.124    25.003 r  i_ariane/gen_example_coprocessor.i_cvxif_coprocessor/i___43/O
                         net (fo=1, routed)           0.000    25.003    i_ariane/gen_example_coprocessor.i_cvxif_coprocessor/i_copro_alu/result_q[4]_i_5_3[1]
    SLICE_X33Y80         CARRY4 (Prop_carry4_S[1]_CO[3])
                                                      0.550    25.553 r  i_ariane/gen_example_coprocessor.i_cvxif_coprocessor/i_copro_alu/result_n0__246_carry__0/CO[3]
                         net (fo=1, routed)           0.000    25.553    i_ariane/gen_example_coprocessor.i_cvxif_coprocessor/i_copro_alu/result_n0__246_carry__0_n_0
    SLICE_X33Y81         CARRY4 (Prop_carry4_CI_CO[3])
                                                      0.114    25.667 r  i_ariane/gen_example_coprocessor.i_cvxif_coprocessor/i_copro_alu/result_n0__246_carry__1/CO[3]
                         net (fo=1, routed)           0.000    25.667    i_ariane/gen_example_coprocessor.i_cvxif_coprocessor/i_copro_alu/result_n0__246_carry__1_n_0
    SLICE_X33Y82         CARRY4 (Prop_carry4_CI_O[1])
                                                      0.334    26.001 r  i_ariane/gen_example_coprocessor.i_cvxif_coprocessor/i_copro_alu/result_n0__246_carry__2/O[1]
                         net (fo=1, routed)           0.710    26.711    i_ariane/i_cva6/id_stage_i/result_q_reg[31]_0[2]
    SLICE_X26Y84         LUT6 (Prop_lut6_I0_O)        0.303    27.014 f  i_ariane/i_cva6/id_stage_i/result_q[13]_i_4/O
                         net (fo=1, routed)           0.286    27.300    i_ariane/i_cva6/id_stage_i/result_q[13]_i_4_n_0
    SLICE_X26Y84         LUT6 (Prop_lut6_I4_O)        0.124    27.424 r  i_ariane/i_cva6/id_stage_i/result_q[13]_i_1/O
                         net (fo=1, routed)           0.000    27.424    i_ariane/gen_example_coprocessor.i_cvxif_coprocessor/i_copro_alu/result_q_reg[31]_1[13]
    SLICE_X26Y84         FDCE                                         r  i_ariane/gen_example_coprocessor.i_cvxif_coprocessor/i_copro_alu/result_q_reg[13]/D
  -------------------------------------------------------------------    -------------------

                         (clock clk_out1_xlnx_clk_gen rise edge)
                                                     25.000    25.000 r  
    K17                                               0.000    25.000 r  clk_sys (IN)
                         net (fo=0)                   0.000    25.000    i_xlnx_clk_gen/inst/clk_in1
    K17                  IBUF (Prop_ibuf_I_O)         1.404    26.404 r  i_xlnx_clk_gen/inst/clkin1_ibufg/O
                         net (fo=1, routed)           1.162    27.566    i_xlnx_clk_gen/inst/clk_in1_xlnx_clk_gen
    MMCME2_ADV_X1Y2      MMCME2_ADV (Prop_mmcme2_adv_CLKIN1_CLKOUT0)
                                                     -7.814    19.752 r  i_xlnx_clk_gen/inst/mmcm_adv_inst/CLKOUT0
                         net (fo=1, routed)           2.012    21.764    i_xlnx_clk_gen/inst/clk_out1_xlnx_clk_gen
    BUFGCTRL_X0Y16       BUFG (Prop_bufg_I_O)         0.091    21.855 r  i_xlnx_clk_gen/inst/clkout1_buf/O
                         net (fo=15067, routed)       1.515    23.370    i_ariane/gen_example_coprocessor.i_cvxif_coprocessor/i_copro_alu/clk_out1
    SLICE_X26Y84         FDCE                                         r  i_ariane/gen_example_coprocessor.i_cvxif_coprocessor/i_copro_alu/result_q_reg[13]/C
                         clock pessimism              0.567    23.937    
                         clock uncertainty           -0.082    23.855    
    SLICE_X26Y84         FDCE (Setup_fdce_C_D)        0.081    23.936    i_ariane/gen_example_coprocessor.i_cvxif_coprocessor/i_copro_alu/result_q_reg[13]
  -------------------------------------------------------------------
                         required time                         23.936    
                         arrival time                         -27.424    
  -------------------------------------------------------------------
                         slack                                 -3.489    

Slack (MET) :             0.778ns  (required time - arrival time)
  Source:                 i_dmi_jtag/i_dmi_jtag_tap/td_o_reg/C
                            (falling edge-triggered cell FDCE clocked by tck  {rise@0.000ns fall@50.000ns period=100.000ns})
  Destination:            tdo
                            (output port clocked by tck  {rise@0.000ns fall@50.000ns period=100.000ns})
  Path Group:             tck
  Path Type:              Max at Slow Process Corner
  Requirement:            20.000ns  (MaxDelay Path 20.000ns)
  Data Path Delay:        6.611ns  (logic 4.015ns (60.740%)  route 2.595ns (39.260%))
  Logic Levels:           1  (OBUF=1)
  Output Delay:           5.000ns
  Clock Path Skew:        -7.109ns (DCD - SCD + CPR)
    Destination Clock Delay (DCD):    0.000ns
    Source Clock Delay      (SCD):    7.109ns
    Clock Pessimism Removal (CPR):    0.000ns
  Clock Uncertainty:      0.501ns  ((TSJ^2 + TIJ^2)^1/2 + DJ) / 2 + PE
    Total System Jitter     (TSJ):    0.071ns
    Total Input Jitter      (TIJ):    1.000ns
    Discrete Jitter          (DJ):    0.000ns
    Phase Error              (PE):    0.000ns
  Timing Exception:       MaxDelay Path 20.000ns

    Location             Delay type                Incr(ns)  Path(ns)    Netlist Resource(s)
  -------------------------------------------------------------------    -------------------
                         (clock tck fall edge)        0.000     0.000 f  
    H15                                               0.000     0.000 f  tck (IN)
                         net (fo=0)                   0.000     0.000    tck
    H15                  IBUF (Prop_ibuf_I_O)         1.500     1.500 f  tck_IBUF_inst/O
                         net (fo=1, routed)           3.659     5.159    tck_IBUF
    BUFGCTRL_X0Y0        BUFG (Prop_bufg_I_O)         0.101     5.260 f  tck_IBUF_BUFG_inst/O
                         net (fo=258, routed)         1.849     7.109    i_dmi_jtag/i_dmi_jtag_tap/tck_ni
    SLICE_X106Y77        FDCE                                         r  i_dmi_jtag/i_dmi_jtag_tap/td_o_reg/C  (IS_INVERTED)
  -------------------------------------------------------------------    -------------------
    SLICE_X106Y77        FDCE (Prop_fdce_C_Q)         0.459     7.568 r  i_dmi_jtag/i_dmi_jtag_tap/td_o_reg/Q
                         net (fo=1, routed)           2.595    10.164    tdo_OBUF
    J15                  OBUF (Prop_obuf_I_O)         3.556    13.720 r  tdo_OBUF_inst/O
                         net (fo=0)                   0.000    13.720    tdo
    J15                                                               r  tdo (OUT)
  -------------------------------------------------------------------    -------------------

                         max delay                   20.000    20.000    
                         clock pessimism              0.000    20.000    
                         clock uncertainty           -0.501    19.499    
                         output delay                -5.000    14.499    
  -------------------------------------------------------------------
                         required time                         14.499    
                         arrival time                         -13.720    
  -------------------------------------------------------------------
                         slack                                  0.778    

Slack (MET) :             20.771ns  (required time - arrival time)
  Source:                 i_dm_top/i_dm_csrs/dmcontrol_q_reg[ndmreset]/C
                            (rising edge-triggered cell FDCE clocked by clk_out1_xlnx_clk_gen  {rise@0.000ns fall@12.500ns period=25.000ns})
  Destination:            i_rstgen_main/i_rstgen_bypass/synch_regs_q_reg[3]/CLR
                            (recovery check against rising-edge clock clk_out1_xlnx_clk_gen  {rise@0.000ns fall@12.500ns period=25.000ns})
  Path Group:             **async_default**
  Path Type:              Recovery (Max at Slow Process Corner)
  Requirement:            25.000ns  (clk_out1_xlnx_clk_gen rise@25.000ns - clk_out1_xlnx_clk_gen rise@0.000ns)
  Data Path Delay:        3.616ns  (logic 0.580ns (16.040%)  route 3.036ns (83.960%))
  Logic Levels:           1  (LUT2=1)
  Clock Path Skew:        -0.126ns (DCD - SCD + CPR)
    Destination Clock Delay (DCD):    -1.586ns = ( 23.414 - 25.000 ) 
    Source Clock Delay      (SCD):    -0.892ns
    Clock Pessimism Removal (CPR):    0.567ns
  Clock Uncertainty:      0.082ns  ((TSJ^2 + DJ^2)^1/2) / 2 + PE
    Total System Jitter     (TSJ):    0.071ns
    Discrete Jitter          (DJ):    0.149ns
    Phase Error              (PE):    0.000ns

    Location             Delay type                Incr(ns)  Path(ns)    Netlist Resource(s)
  -------------------------------------------------------------------    -------------------
                         (clock clk_out1_xlnx_clk_gen rise edge)
                                                      0.000     0.000 r  
    K17                                               0.000     0.000 r  clk_sys (IN)
                         net (fo=0)                   0.000     0.000    i_xlnx_clk_gen/inst/clk_in1
    K17                  IBUF (Prop_ibuf_I_O)         1.475     1.475 r  i_xlnx_clk_gen/inst/clkin1_ibufg/O
                         net (fo=1, routed)           1.285     2.760    i_xlnx_clk_gen/inst/clk_in1_xlnx_clk_gen
    MMCME2_ADV_X1Y2      MMCME2_ADV (Prop_mmcme2_adv_CLKIN1_CLKOUT0)
                                                     -7.759    -4.999 r  i_xlnx_clk_gen/inst/mmcm_adv_inst/CLKOUT0
                         net (fo=1, routed)           2.206    -2.793    i_xlnx_clk_gen/inst/clk_out1_xlnx_clk_gen
    BUFGCTRL_X0Y16       BUFG (Prop_bufg_I_O)         0.101    -2.692 r  i_xlnx_clk_gen/inst/clkout1_buf/O
                         net (fo=15067, routed)       1.800    -0.892    i_dm_top/i_dm_csrs/clk_out1
    SLICE_X95Y9          FDCE                                         r  i_dm_top/i_dm_csrs/dmcontrol_q_reg[ndmreset]/C
  -------------------------------------------------------------------    -------------------
    SLICE_X95Y9          FDCE (Prop_fdce_C_Q)         0.456    -0.436 f  i_dm_top/i_dm_csrs/dmcontrol_q_reg[ndmreset]/Q
                         net (fo=3, routed)           1.173     0.736    i_dm_top/i_dm_csrs/ndmreset
    SLICE_X92Y22         LUT2 (Prop_lut2_I0_O)        0.124     0.860 f  i_dm_top/i_dm_csrs/synch_regs_q[3]_i_1/O
                         net (fo=4, routed)           1.863     2.724    i_rstgen_main/i_rstgen_bypass/synch_regs_q_reg[3]_1
    SLICE_X76Y40         FDCE                                         f  i_rstgen_main/i_rstgen_bypass/synch_regs_q_reg[3]/CLR
  -------------------------------------------------------------------    -------------------

                         (clock clk_out1_xlnx_clk_gen rise edge)
                                                     25.000    25.000 r  
    K17                                               0.000    25.000 r  clk_sys (IN)
                         net (fo=0)                   0.000    25.000    i_xlnx_clk_gen/inst/clk_in1
    K17                  IBUF (Prop_ibuf_I_O)         1.404    26.404 r  i_xlnx_clk_gen/inst/clkin1_ibufg/O
                         net (fo=1, routed)           1.162    27.566    i_xlnx_clk_gen/inst/clk_in1_xlnx_clk_gen
    MMCME2_ADV_X1Y2      MMCME2_ADV (Prop_mmcme2_adv_CLKIN1_CLKOUT0)
                                                     -7.814    19.752 r  i_xlnx_clk_gen/inst/mmcm_adv_inst/CLKOUT0
                         net (fo=1, routed)           2.012    21.764    i_xlnx_clk_gen/inst/clk_out1_xlnx_clk_gen
    BUFGCTRL_X0Y16       BUFG (Prop_bufg_I_O)         0.091    21.855 r  i_xlnx_clk_gen/inst/clkout1_buf/O
                         net (fo=15067, routed)       1.559    23.414    i_rstgen_main/i_rstgen_bypass/clk_out1
    SLICE_X76Y40         FDCE                                         r  i_rstgen_main/i_rstgen_bypass/synch_regs_q_reg[3]/C
                         clock pessimism              0.567    23.982    
                         clock uncertainty           -0.082    23.900    
    SLICE_X76Y40         FDCE (Recov_fdce_C_CLR)     -0.405    23.495    i_rstgen_main/i_rstgen_bypass/synch_regs_q_reg[3]
  -------------------------------------------------------------------
                         required time                         23.495    
                         arrival time                          -2.724    
  -------------------------------------------------------------------
                         slack                                 20.771    




